0.0278136
0.0183386
0.0176524
0.017373
0.0170781
0.0168623
0.016687
0.0167071
0.0163833
0.0163423
0.0163133
0.0160784
0.0160843
0.0158257
0.015808
0.015605
0.015641
0.0154224
0.0154687
0.0154131
0.0152744
0.0151754
0.0153332
0.015177
0.0151142
0.0151802
0.0151445
0.015072
0.0150026
0.0148596
0.0148673
0.0149326
0.0149374
0.0147438
0.0147353
0.014731
0.0146737
0.0148675
0.0147942
0.0146993
0.0145047
0.0146371
0.0145401
0.0147172
0.014492
0.0146496
0.0145017
0.0145028
0.01452
0.0145826
0.0144479
0.0145094
0.0144795
0.0145982
0.0144111
0.0143676
0.0143369
0.0145298
0.0145394
0.0143317
